# Mapping from the BTB-tagset to the DKpro POS types
#
#
# The BTB-tagset (http://www.bultreebank.org/TechRep/BTB-TR03.pdf) is a 
# morphosyntactic positional tagset, containing 680 tags which encode detailed 
# information about the morphosyntactic properties of each word. For instance, 
# the tag "Ncmsi" indicates that a word is a common noun (Nc), masculine (m), 
# singular (s), indefinite form (i). In Bulgarian, definiteness is expressed 
# as part of the word form. Therefore, there is no mapping to "ART".
#
# Note that the mapping given below is between the shortened form of each 
# BTB-tag, since it is infeasible and unnecessary to list all variations. 
# Thus, for instance, each tag starting with Nc* should be mapped to NN.

#common noun
Nc=de.tudarmstadt.ukp.dkpro.core.api.lexmorph.type.pos.NN

#personal noun
Np=de.tudarmstadt.ukp.dkpro.core.api.lexmorph.type.pos.NP

#adjective
A=de.tudarmstadt.ukp.dkpro.core.api.lexmorph.type.pos.ADJ

#family name
H=de.tudarmstadt.ukp.dkpro.core.api.lexmorph.type.pos.NP

#pronoun
P=de.tudarmstadt.ukp.dkpro.core.api.lexmorph.type.pos.PR

#numeral
M=de.tudarmstadt.ukp.dkpro.core.api.lexmorph.type.pos.CARD

#verb
V=de.tudarmstadt.ukp.dkpro.core.api.lexmorph.type.pos.V

#adverb
D=de.tudarmstadt.ukp.dkpro.core.api.lexmorph.type.pos.ADV

#conjunction
C=de.tudarmstadt.ukp.dkpro.core.api.lexmorph.type.pos.CONJ

#particle
T=de.tudarmstadt.ukp.dkpro.core.api.lexmorph.type.pos.O

#preposition
R=de.tudarmstadt.ukp.dkpro.core.api.lexmorph.type.pos.PP

#interjection
I=de.tudarmstadt.ukp.dkpro.core.api.lexmorph.type.pos.O

#punctuation
Punct=de.tudarmstadt.ukp.dkpro.core.api.lexmorph.type.pos.PUNC
