# TextPro annotation and POS maps to DKpro-based objects
 

#_____________________________________________________
# TextPro named entities

PER=de.tudarmstadt.ukp.dkpro.core.api.ner.type.Person

ORG=de.tudarmstadt.ukp.dkpro.core.api.ner.type.Organization

LOC=de.tudarmstadt.ukp.dkpro.core.api.ner.type.Location

GPE=de.tudarmstadt.ukp.dkpro.core.api.ner.type.Gpe


#_____________________________________________________
# TextPro Tagset
# 
# Source: http://textpro.fbk.eu/tagset_it.html

# 1.	AS	Adjective, qual., singular
AS=de.tudarmstadt.ukp.dkpro.core.api.lexmorph.type.pos.ADJ
# 2.	AP	Adjective, qual., plural
AP=de.tudarmstadt.ukp.dkpro.core.api.lexmorph.type.pos.ADJ
# 3.	AN	Adjective, qual., neutral for number
AN=de.tudarmstadt.ukp.dkpro.core.api.lexmorph.type.pos.ADJ

# 4.	B	Adverb
B=de.tudarmstadt.ukp.dkpro.core.api.lexmorph.type.pos.ADV

# 5.	C	Conjunction
C=de.tudarmstadt.ukp.dkpro.core.api.lexmorph.type.pos.CONJ

# 6.	CADV	Adverbial connective
CADV=de.tudarmstadt.ukp.dkpro.core.api.lexmorph.type.pos.CONJ

# 7.	CCHE	che
CCHE=de.tudarmstadt.ukp.dkpro.core.api.lexmorph.type.pos.POS

# 8.	CCHI	chi
CCHI=de.tudarmstadt.ukp.dkpro.core.api.lexmorph.type.pos.PR

# 9.	DS	Adjective, det., singular
DS=de.tudarmstadt.ukp.dkpro.core.api.lexmorph.type.pos.ADJ
# 10.	DP	Adjective, det., plural
DP=de.tudarmstadt.ukp.dkpro.core.api.lexmorph.type.pos.ADJ
# 11.	DN	Adjective, det., neutral for number
DN=de.tudarmstadt.ukp.dkpro.core.api.lexmorph.type.pos.ADJ

# 12.	E	Preposition, simple
E=de.tudarmstadt.ukp.dkpro.core.api.lexmorph.type.pos.PP
# 13.	ES	Preposition, singular articulated
ES=de.tudarmstadt.ukp.dkpro.core.api.lexmorph.type.pos.PP
# 14.	EP	Preposition, plural articulated
EP=de.tudarmstadt.ukp.dkpro.core.api.lexmorph.type.pos.PP

# 15.	I	Interjection
I=de.tudarmstadt.ukp.dkpro.core.api.lexmorph.type.pos.O

# 16.	N	Number
N=de.tudarmstadt.ukp.dkpro.core.api.lexmorph.type.pos.CARD

# 17.	PS	Pronoun, singular
PS=de.tudarmstadt.ukp.dkpro.core.api.lexmorph.type.pos.PR
# 18.	PP	Pronoun, plural
PP=de.tudarmstadt.ukp.dkpro.core.api.lexmorph.type.pos.PR
# 19.	PN	Pronoun,  neutral for number
PN=de.tudarmstadt.ukp.dkpro.core.api.lexmorph.type.pos.PR

# 20.	RS	Article, singular
RS=de.tudarmstadt.ukp.dkpro.core.api.lexmorph.type.pos.ART
# 21.	RP	Article, plural
RP=de.tudarmstadt.ukp.dkpro.core.api.lexmorph.type.pos.ART

# 22.	SS	Noun, singular
SS=de.tudarmstadt.ukp.dkpro.core.api.lexmorph.type.pos.NN
# 23.	SP	Noun, plural
SP=de.tudarmstadt.ukp.dkpro.core.api.lexmorph.type.pos.NN
# 24.	SN	Noun, neutral for number
SN=de.tudarmstadt.ukp.dkpro.core.api.lexmorph.type.pos.NN
# 25.	SPN	Proper noun
SPN=de.tudarmstadt.ukp.dkpro.core.api.lexmorph.type.pos.NP

# 26.	QNS	Relative pronoun, singular
QNS=de.tudarmstadt.ukp.dkpro.core.api.lexmorph.type.pos.PR
# 27.	QNP	Relative pronoun, plural
QNP=de.tudarmstadt.ukp.dkpro.core.api.lexmorph.type.pos.PR

# 28.	SYM	Symbol
SYM=de.tudarmstadt.ukp.dkpro.core.api.lexmorph.type.pos.PUNC

# 29.	VI	Verb, main, ind., subjunctive, cond.
VI=de.tudarmstadt.ukp.dkpro.core.api.lexmorph.type.pos.V
# 30.	VIY	Verb, aux., ind., subjunctive, cond.
VIY=de.tudarmstadt.ukp.dkpro.core.api.lexmorph.type.pos.V
# 31.	VF	Verb, main, inf.
VF=de.tudarmstadt.ukp.dkpro.core.api.lexmorph.type.pos.V
# 32.	VFY	Verb, aux., inf.
VFY=de.tudarmstadt.ukp.dkpro.core.api.lexmorph.type.pos.V
# 33.	VSP	Verb, main, past part., singular
VSP=de.tudarmstadt.ukp.dkpro.core.api.lexmorph.type.pos.V
# 34.	VSPY	Verb, aux., past part., singular
VSPY=de.tudarmstadt.ukp.dkpro.core.api.lexmorph.type.pos.V
# 35.	VPP	Verb, main, past part., singular
VPP=de.tudarmstadt.ukp.dkpro.core.api.lexmorph.type.pos.V
# 36.	VPPY	Verb, aux., past part., singular
VPPY=de.tudarmstadt.ukp.dkpro.core.api.lexmorph.type.pos.V
# 37.	VG	Verb, main, gerund
VG=de.tudarmstadt.ukp.dkpro.core.api.lexmorph.type.pos.V
# 38.	VGY	Verb, aux., gerund
VGY=de.tudarmstadt.ukp.dkpro.core.api.lexmorph.type.pos.V
# 39.	VM	Verb, main, imperative
VM=de.tudarmstadt.ukp.dkpro.core.api.lexmorph.type.pos.V
# 40.	VMY	Verb, aux., imperative
VMY=de.tudarmstadt.ukp.dkpro.core.api.lexmorph.type.pos.V

# 41.	XPB	brackets
XPB=de.tudarmstadt.ukp.dkpro.core.api.lexmorph.type.pos.PUNC
# 42.	XPO	quotation marks, ellipsis, hyphen
XPO=de.tudarmstadt.ukp.dkpro.core.api.lexmorph.type.pos.PUNC
# 43.	XPS	punctuation
XPS=de.tudarmstadt.ukp.dkpro.core.api.lexmorph.type.pos.PUNC
# 44.	XPW	comma
XPW=de.tudarmstadt.ukp.dkpro.core.api.lexmorph.type.pos.PUNC

# 45.	YA	Acronym
YA=de.tudarmstadt.ukp.dkpro.core.api.lexmorph.type.pos.O

# 46.	YF	Foreign term
YF=de.tudarmstadt.ukp.dkpro.core.api.lexmorph.type.pos.O

# 47.	VF+E	Verb, main, inf. +clitic
VF+E=de.tudarmstadt.ukp.dkpro.core.api.lexmorph.type.pos.V
# 48.	VFY+E	Verb, aux., inf. +clitic
VFY+E=de.tudarmstadt.ukp.dkpro.core.api.lexmorph.type.pos.V
# 49.	VG+E	Verb, main, gerund. +clitic
VG+E=de.tudarmstadt.ukp.dkpro.core.api.lexmorph.type.pos.V
# 50.	VM+E	Verb, main, imperative. +clitic
VM+E=de.tudarmstadt.ukp.dkpro.core.api.lexmorph.type.pos.V
# 51.	VPP+E	Verb, main, past part., singular. +clitic
VPP+E=de.tudarmstadt.ukp.dkpro.core.api.lexmorph.type.pos.V
# 52.	VSP+E	Verb, main, past part., singular. +clitic
VSP+E=de.tudarmstadt.ukp.dkpro.core.api.lexmorph.type.pos.V

